../Core/Src/main.c:68:5:_write	2
../Core/Src/main.c:88:5:main	2
../Core/Src/main.c:150:6:SystemClock_Config	3
../Core/Src/main.c:200:13:MX_I2C1_Init	4
../Core/Src/main.c:248:13:MX_USART3_UART_Init	2
../Core/Src/main.c:283:13:MX_GPIO_Init	1
../Core/Src/main.c:397:6:HAL_I2C_ListenCpltCallback	2
../Core/Src/main.c:414:6:HAL_I2C_AddrCallback	4
../Core/Src/main.c:440:6:HAL_I2C_SlaveTxCpltCallback	1
../Core/Src/main.c:445:6:HAL_I2C_SlaveRxCpltCallback	1
../Core/Src/main.c:454:6:MPU_Config	1
../Core/Src/main.c:485:6:Error_Handler	1
